                                        XML_input_checker        14:02 Thursday, July 13, 2017   1

               Format name
               Starting value for format
               Format value label
               ƒƒƒƒƒƒƒƒƒƒƒƒƒƒƒƒƒƒƒƒƒƒƒƒƒƒƒƒƒƒƒƒƒƒƒƒƒƒƒƒƒƒƒƒƒƒƒƒƒƒƒƒƒƒƒƒƒƒƒƒƒƒƒƒƒƒƒ
               SOC
               Blood and lymphatic system disorders
                                           100000004851

               SOC
               Cardiac disorders
                                           100000004849

               SOC
               Congenital, familial and genetic disorders
                                           100000004850

               SOC
               Ear and labyrinth disorders
                                           100000004854

               SOC
               Endocrine disorders
                                           100000004860

               SOC
               Eye disorders
                                           100000004853

               SOC
               Gastrointestinal disorders
                                           100000004856

               SOC
               General disorders and administration site conditions
                                           100000004867

               SOC
               Hepatobiliary disorders
                                           100000004871

               SOC
               Immune system disorders
                                           100000004870

               SOC
               Infections and infestations
                                           100000004862

               SOC
               Injury, poisoning and procedural complications
                                           100000004863
                                        XML_input_checker        14:02 Thursday, July 13, 2017   2

               Format name
               Starting value for format
               Format value label
               ƒƒƒƒƒƒƒƒƒƒƒƒƒƒƒƒƒƒƒƒƒƒƒƒƒƒƒƒƒƒƒƒƒƒƒƒƒƒƒƒƒƒƒƒƒƒƒƒƒƒƒƒƒƒƒƒƒƒƒƒƒƒƒƒƒƒƒ
               SOC
               Investigations
                                           100000004848

               SOC
               Metabolism and nutrition disorders
                                           100000004861

               SOC
               Musculoskeletal and connective tissue disorders
                                           100000004859

               SOC
               Neoplasms benign, malignant and unspecified (incl cysts and polyps)
                                           100000004864

               SOC
               Nervous system disorders
                                           100000004852

               SOC
               Pregnancy, puerperium and perinatal conditions
                                           100000004868

               SOC
               Product issues
                                           100000167503

               SOC
               Psychiatric disorders
                                           100000004873

               SOC
               Renal and urinary disorders
                                           100000004857

               SOC
               Reproductive system and breast disorders
                                           100000004872

               SOC
               Respiratory, thoracic and mediastinal disorders
                                           100000004855

               SOC
               Skin and subcutaneous tissue disorders
                                           100000004858
                                        XML_input_checker        14:02 Thursday, July 13, 2017   3

               Format name
               Starting value for format
               Format value label
               ƒƒƒƒƒƒƒƒƒƒƒƒƒƒƒƒƒƒƒƒƒƒƒƒƒƒƒƒƒƒƒƒƒƒƒƒƒƒƒƒƒƒƒƒƒƒƒƒƒƒƒƒƒƒƒƒƒƒƒƒƒƒƒƒƒƒƒ
               SOC
               Social circumstances
                                           100000004869

               SOC
               Surgical and medical procedures
                                           100000004865

               SOC
               Vascular disorders
                                           100000004866

               VERSION
               VersionNumber
                                                     22
                                        XML_input_checker        14:02 Thursday, July 13, 2017   4

                                      The COMPARE Procedure
                             Comparison of WORK.CONT1 with WORK.CONT2
                                          (Method=EXACT)

                                        Data Set Summary

                   Dataset              Created          Modified  NVar    NObs

                   WORK.CONT1  13JUL17:14:03:29  13JUL17:14:03:29     5       8
                   WORK.CONT2  13JUL17:14:03:29  13JUL17:14:03:29     5       8


                                        Variables Summary

                              Number of Variables in Common: 5.


                                       Observation Summary

                                  Observation      Base  Compare

                                  First Obs           1        1
                                  First Unequal       1        1
                                  Last  Unequal       7        7
                                  Last  Obs           8        8

                 Number of Observations in Common: 8.
                 Total Number of Observations Read from WORK.CONT1: 8.
                 Total Number of Observations Read from WORK.CONT2: 8.

                 Number of Observations with Some Compared Variables Unequal: 5.
                 Number of Observations with All Compared Variables Equal: 3.


                                    Values Comparison Summary

                 Number of Variables Compared with All Observations Equal: 0.
                 Number of Variables Compared with Some Observations Unequal: 5.
                 Number of Variables with Missing Value Differences: 2.
                 Total Number of Values which Compare Unequal: 5.
                 Maximum Difference: 438.

                                        XML_input_checker        14:02 Thursday, July 13, 2017   5

                                      The COMPARE Procedure
                             Comparison of WORK.CONT1 with WORK.CONT2
                                          (Method=EXACT)

                            All Variables Compared have Unequal Values

                 Variable  Type  Len   Label            Ndif   MaxDif  MissDif

                 NAME      CHAR   32   Variable Name       1                 0
                 TYPE      NUM     8   Variable Type       1    1.000        0
                 LENGTH    NUM     8   Variable Length     1      438        0
                 LABEL     CHAR  256   Variable Label      1                 1
                 FORMAT    CHAR   32   Variable Format     1                 1



                              Value Comparison Results for Variables

                    __________________________________________________________
                               ||  Variable Name
                               ||  Base Value           Compare Value
                           Obs ||  NAME                  NAME
                     ________  ||  ___________________+  ___________________+
                               ||
                            5  ||  IDN                   IFN
                    __________________________________________________________


                    __________________________________________________________
                               ||  Variable Type
                               ||       Base    Compare
                           Obs ||       TYPE       TYPE      Diff.     % Diff
                     ________  ||  _________  _________  _________  _________
                               ||
                            2  ||     1.0000     2.0000     1.0000   100.0000
                    __________________________________________________________


                    __________________________________________________________
                               ||  Variable Length
                               ||       Base    Compare
                           Obs ||     LENGTH     LENGTH      Diff.     % Diff
                     ________  ||  _________  _________  _________  _________
                               ||
                            4  ||    62.0000   500.0000   438.0000   706.4516
                    __________________________________________________________
                                        XML_input_checker        14:02 Thursday, July 13, 2017   6

                                      The COMPARE Procedure
                             Comparison of WORK.CONT1 with WORK.CONT2
                                          (Method=EXACT)

                              Value Comparison Results for Variables

                    __________________________________________________________
                               ||  Variable Label
                               ||  Base Value           Compare Value
                           Obs ||  LABEL                 LABEL
                     ________  ||  ___________________+  ___________________+
                               ||
                            7  ||                        Number of patients i
                    __________________________________________________________


                    __________________________________________________________
                               ||  Variable Format
                               ||  Base Value           Compare Value
                           Obs ||  FORMAT                FORMAT
                     ________  ||  ___________________+  ___________________+
                               ||
                            1  ||                        BEST
                    __________________________________________________________
                                        XML_input_checker        14:02 Thursday, July 13, 2017   7

                                      The COMPARE Procedure
                             Comparison of WORK.CONT3 with WORK.CONT4
                                          (Method=EXACT)

                                        Data Set Summary

                   Dataset              Created          Modified  NVar    NObs

                   WORK.CONT3  13JUL17:14:03:29  13JUL17:14:03:29     5      10
                   WORK.CONT4  13JUL17:14:03:29  13JUL17:14:03:29     5      10


                                        Variables Summary

                              Number of Variables in Common: 5.


                                       Observation Summary

                                  Observation      Base  Compare

                                  First Obs           1        1
                                  First Unequal       1        1
                                  Last  Unequal       9        9
                                  Last  Obs          10       10

                 Number of Observations in Common: 10.
                 Total Number of Observations Read from WORK.CONT3: 10.
                 Total Number of Observations Read from WORK.CONT4: 10.

                 Number of Observations with Some Compared Variables Unequal: 4.
                 Number of Observations with All Compared Variables Equal: 6.


                                    Values Comparison Summary

                 Number of Variables Compared with All Observations Equal: 0.
                 Number of Variables Compared with Some Observations Unequal: 5.
                 Number of Variables with Missing Value Differences: 2.
                 Total Number of Values which Compare Unequal: 6.
                 Maximum Difference: 50.

                                        XML_input_checker        14:02 Thursday, July 13, 2017   8

                                      The COMPARE Procedure
                             Comparison of WORK.CONT3 with WORK.CONT4
                                          (Method=EXACT)

                            All Variables Compared have Unequal Values

                 Variable  Type  Len   Label            Ndif   MaxDif  MissDif

                 NAME      CHAR   32   Variable Name       1                 0
                 TYPE      NUM     8   Variable Type       1    1.000        0
                 LENGTH    NUM     8   Variable Length     2   50.000        0
                 LABEL     CHAR  256   Variable Label      1                 1
                 FORMAT    CHAR   32   Variable Format     1                 1



                              Value Comparison Results for Variables

                    __________________________________________________________
                               ||  Variable Name
                               ||  Base Value           Compare Value
                           Obs ||  NAME                  NAME
                     ________  ||  ___________________+  ___________________+
                               ||
                            6  ||  OCCUR                 OCCURANCE
                    __________________________________________________________


                    __________________________________________________________
                               ||  Variable Type
                               ||       Base    Compare
                           Obs ||       TYPE       TYPE      Diff.     % Diff
                     ________  ||  _________  _________  _________  _________
                               ||
                            8  ||     1.0000     2.0000     1.0000   100.0000
                    __________________________________________________________


                    __________________________________________________________
                               ||  Variable Length
                               ||       Base    Compare
                           Obs ||     LENGTH     LENGTH      Diff.     % Diff
                     ________  ||  _________  _________  _________  _________
                               ||
                            8  ||     8.0000     5.0000    -3.0000   -37.5000
                            9  ||   100.0000    50.0000   -50.0000   -50.0000
                    __________________________________________________________
                                        XML_input_checker        14:02 Thursday, July 13, 2017   9

                                      The COMPARE Procedure
                             Comparison of WORK.CONT3 with WORK.CONT4
                                          (Method=EXACT)

                              Value Comparison Results for Variables

                    __________________________________________________________
                               ||  Variable Label
                               ||  Base Value           Compare Value
                           Obs ||  LABEL                 LABEL
                     ________  ||  ___________________+  ___________________+
                               ||
                            1  ||                        Assessment Type
                    __________________________________________________________


                    __________________________________________________________
                               ||  Variable Format
                               ||  Base Value           Compare Value
                           Obs ||  FORMAT                FORMAT
                     ________  ||  ___________________+  ___________________+
                               ||
                            9  ||                        $
                    __________________________________________________________
                                        XML_input_checker        14:02 Thursday, July 13, 2017  10

                                      The COMPARE Procedure
                             Comparison of WORK.CONT5 with WORK.CONT6
                                          (Method=EXACT)

                                        Data Set Summary

                   Dataset              Created          Modified  NVar    NObs

                   WORK.CONT5  13JUL17:14:03:29  13JUL17:14:03:29     5       7
                   WORK.CONT6  13JUL17:14:03:29  13JUL17:14:03:29     5       7


                                        Variables Summary

                              Number of Variables in Common: 5.


                                       Observation Summary

                                  Observation      Base  Compare

                                  First Obs           1        1
                                  First Unequal       1        1
                                  Last  Unequal       7        7
                                  Last  Obs           7        7

                 Number of Observations in Common: 7.
                 Total Number of Observations Read from WORK.CONT5: 7.
                 Total Number of Observations Read from WORK.CONT6: 7.

                 Number of Observations with Some Compared Variables Unequal: 5.
                 Number of Observations with All Compared Variables Equal: 2.


                                    Values Comparison Summary

                 Number of Variables Compared with All Observations Equal: 0.
                 Number of Variables Compared with Some Observations Unequal: 5.
                 Number of Variables with Missing Value Differences: 2.
                 Total Number of Values which Compare Unequal: 6.
                 Maximum Difference: 240.

                                        XML_input_checker        14:02 Thursday, July 13, 2017  11

                                      The COMPARE Procedure
                             Comparison of WORK.CONT5 with WORK.CONT6
                                          (Method=EXACT)

                            All Variables Compared have Unequal Values

                 Variable  Type  Len   Label            Ndif   MaxDif  MissDif

                 NAME      CHAR   32   Variable Name       1                 0
                 TYPE      NUM     8   Variable Type       1    1.000        0
                 LENGTH    NUM     8   Variable Length     2      240        0
                 LABEL     CHAR  256   Variable Label      1                 1
                 FORMAT    CHAR   32   Variable Format     1                 1



                              Value Comparison Results for Variables

                    __________________________________________________________
                               ||  Variable Name
                               ||  Base Value           Compare Value
                           Obs ||  NAME                  NAME
                     ________  ||  ___________________+  ___________________+
                               ||
                            5  ||  PATSN                 PATN
                    __________________________________________________________


                    __________________________________________________________
                               ||  Variable Type
                               ||       Base    Compare
                           Obs ||       TYPE       TYPE      Diff.     % Diff
                     ________  ||  _________  _________  _________  _________
                               ||
                            1  ||     1.0000     2.0000     1.0000   100.0000
                    __________________________________________________________


                    __________________________________________________________
                               ||  Variable Length
                               ||       Base    Compare
                           Obs ||     LENGTH     LENGTH      Diff.     % Diff
                     ________  ||  _________  _________  _________  _________
                               ||
                            1  ||     8.0000     3.0000    -5.0000   -62.5000
                            2  ||   250.0000    10.0000  -240.0000   -96.0000
                    __________________________________________________________
                                        XML_input_checker        14:02 Thursday, July 13, 2017  12

                                      The COMPARE Procedure
                             Comparison of WORK.CONT5 with WORK.CONT6
                                          (Method=EXACT)

                              Value Comparison Results for Variables

                    __________________________________________________________
                               ||  Variable Label
                               ||  Base Value           Compare Value
                           Obs ||  LABEL                 LABEL
                     ________  ||  ___________________+  ___________________+
                               ||
                            4  ||                        Number of occurences
                    __________________________________________________________


                    __________________________________________________________
                               ||  Variable Format
                               ||  Base Value           Compare Value
                           Obs ||  FORMAT                FORMAT
                     ________  ||  ___________________+  ___________________+
                               ||
                            7  ||                        $
                    __________________________________________________________
