                                        XML_input_checker      14:45 Wednesday, August 2, 2017   1

               Format name
               Starting value for format
               Format value label
               ƒƒƒƒƒƒƒƒƒƒƒƒƒƒƒƒƒƒƒƒƒƒƒƒƒƒƒƒƒƒƒƒƒƒƒƒƒƒƒƒƒƒƒƒƒƒƒƒƒƒƒƒƒƒƒƒƒƒƒƒƒƒƒƒƒƒƒ
               SOC
               Blood and lymphatic system disorders
                                           100000004851

               SOC
               Cardiac disorders
                                           100000004849

               SOC
               Congenital, familial and genetic disorders
                                           100000004850

               SOC
               Ear and labyrinth disorders
                                           100000004854

               SOC
               Endocrine disorders
                                           100000004860

               SOC
               Eye disorders
                                           100000004853

               SOC
               Gastrointestinal disorders
                                           100000004856

               SOC
               General disorders and administration site conditions
                                           100000004867

               SOC
               Hepatobiliary disorders
                                           100000004871

               SOC
               Immune system disorders
                                           100000004870

               SOC
               Infections and infestations
                                           100000004862

               SOC
               Injury, poisoning and procedural complications
                                           100000004863
                                        XML_input_checker      14:45 Wednesday, August 2, 2017   2

               Format name
               Starting value for format
               Format value label
               ƒƒƒƒƒƒƒƒƒƒƒƒƒƒƒƒƒƒƒƒƒƒƒƒƒƒƒƒƒƒƒƒƒƒƒƒƒƒƒƒƒƒƒƒƒƒƒƒƒƒƒƒƒƒƒƒƒƒƒƒƒƒƒƒƒƒƒ
               SOC
               Investigations
                                           100000004848

               SOC
               Metabolism and nutrition disorders
                                           100000004861

               SOC
               Musculoskeletal and connective tissue disorders
                                           100000004859

               SOC
               Neoplasms benign, malignant and unspecified (incl cysts and polyps)
                                           100000004864

               SOC
               Nervous system disorders
                                           100000004852

               SOC
               Pregnancy, puerperium and perinatal conditions
                                           100000004868

               SOC
               Psychiatric disorders
                                           100000004873

               SOC
               Renal and urinary disorders
                                           100000004857

               SOC
               Reproductive system and breast disorders
                                           100000004872

               SOC
               Respiratory, thoracic and mediastinal disorders
                                           100000004855

               SOC
               Skin and subcutaneous tissue disorders
                                           100000004858

               SOC
               Social circumstances
                                           100000004869
                                        XML_input_checker      14:45 Wednesday, August 2, 2017   3

               Format name
               Starting value for format
               Format value label
               ƒƒƒƒƒƒƒƒƒƒƒƒƒƒƒƒƒƒƒƒƒƒƒƒƒƒƒƒƒƒƒƒƒƒƒƒƒƒƒƒƒƒƒƒƒƒƒƒƒƒƒƒƒƒƒƒƒƒƒƒƒƒƒƒƒƒƒ
               SOC
               Surgical and medical procedures
                                           100000004865

               SOC
               Vascular disorders
                                           100000004866

               VERSION
               VersionNumber
                                                     21
                                        XML_input_checker      14:45 Wednesday, August 2, 2017   4

                                      The COMPARE Procedure
                             Comparison of WORK.CONT1 with WORK.CONT2
                                          (Method=EXACT)

                                        Data Set Summary

                   Dataset              Created          Modified  NVar    NObs

                   WORK.CONT1  02AUG17:14:45:18  02AUG17:14:45:18     5       8
                   WORK.CONT2  02AUG17:14:45:18  02AUG17:14:45:18     5       8


                                        Variables Summary

                              Number of Variables in Common: 5.


                                       Observation Summary

                                  Observation      Base  Compare

                                  First Obs           1        1
                                  Last  Obs           8        8

                 Number of Observations in Common: 8.
                 Total Number of Observations Read from WORK.CONT1: 8.
                 Total Number of Observations Read from WORK.CONT2: 8.

                 Number of Observations with Some Compared Variables Unequal: 0.
                 Number of Observations with All Compared Variables Equal: 8.

                 NOTE: No unequal values were found. All values compared are exactly equal.

                                        XML_input_checker      14:45 Wednesday, August 2, 2017   5

                                      The COMPARE Procedure
                             Comparison of WORK.CONT3 with WORK.CONT4
                                          (Method=EXACT)

                                        Data Set Summary

                   Dataset              Created          Modified  NVar    NObs

                   WORK.CONT3  02AUG17:14:45:18  02AUG17:14:45:18     5      10
                   WORK.CONT4  02AUG17:14:45:18  02AUG17:14:45:18     5      10


                                        Variables Summary

                              Number of Variables in Common: 5.


                                       Observation Summary

                                  Observation      Base  Compare

                                  First Obs           1        1
                                  Last  Obs          10       10

                 Number of Observations in Common: 10.
                 Total Number of Observations Read from WORK.CONT3: 10.
                 Total Number of Observations Read from WORK.CONT4: 10.

                 Number of Observations with Some Compared Variables Unequal: 0.
                 Number of Observations with All Compared Variables Equal: 10.

                 NOTE: No unequal values were found. All values compared are exactly equal.

                                        XML_input_checker      14:45 Wednesday, August 2, 2017   6

                                      The COMPARE Procedure
                             Comparison of WORK.CONT5 with WORK.CONT6
                                          (Method=EXACT)

                                        Data Set Summary

                   Dataset              Created          Modified  NVar    NObs

                   WORK.CONT5  02AUG17:14:45:18  02AUG17:14:45:18     5       7
                   WORK.CONT6  02AUG17:14:45:18  02AUG17:14:45:18     5       7


                                        Variables Summary

                              Number of Variables in Common: 5.


                                       Observation Summary

                                  Observation      Base  Compare

                                  First Obs           1        1
                                  Last  Obs           7        7

                 Number of Observations in Common: 7.
                 Total Number of Observations Read from WORK.CONT5: 7.
                 Total Number of Observations Read from WORK.CONT6: 7.

                 Number of Observations with Some Compared Variables Unequal: 0.
                 Number of Observations with All Compared Variables Equal: 7.

                 NOTE: No unequal values were found. All values compared are exactly equal.

